src/App.tsx(1,8): error TS6133: 'React' is declared but its value is never read.
src/App.tsx(127,66): error TS2322: Type '(user: User) => void' is not assignable to type '(user: User | Post) => void'.
  Types of parameters 'user' and 'user' are incompatible.
    Type 'User | Post' is not assignable to type 'User'.
      Property 'username' is missing in type 'Post' but required in type 'User'.
src/App.tsx(129,108): error TS2322: Type '(user: User) => void' is not assignable to type '(user: User | Post) => void'.
  Types of parameters 'user' and 'user' are incompatible.
    Type 'User | Post' is not assignable to type 'User'.
      Property 'username' is missing in type 'Post' but required in type 'User'.
src/App.tsx(130,81): error TS2322: Type '(user: User) => void' is not assignable to type '(user: User | Post) => void'.
  Types of parameters 'user' and 'user' are incompatible.
    Type 'User | Post' is not assignable to type 'User'.
      Property 'username' is missing in type 'Post' but required in type 'User'.
src/components/CompactPost.tsx(1,1): error TS6133: 'React' is declared but its value is never read.
src/components/CreateModal.tsx(1,8): error TS6133: 'React' is declared but its value is never read.
src/components/CreateModal.tsx(2,24): error TS6133: 'Plus' is declared but its value is never read.
src/components/LiveBackground.tsx(1,8): error TS6133: 'React' is declared but its value is never read.
src/pages/AuthPage.tsx(4,5): error TS6133: 'Globe' is declared but its value is never read.
src/pages/AuthPage.tsx(4,29): error TS6133: 'Smile' is declared but its value is never read.
src/pages/Explore.tsx(1,1): error TS6133: 'React' is declared but its value is never read.
src/pages/Feed.tsx(1,1): error TS6133: 'React' is declared but its value is never read.
src/pages/Feed.tsx(35,38): error TS6133: 'index' is declared but its value is never read.
src/pages/Messages.tsx(1,8): error TS6133: 'React' is declared but its value is never read.
src/pages/Messages.tsx(49,11): error TS6133: 'navigate' is declared but its value is never read.
src/pages/Settings.tsx(3,11): error TS6133: 'Moon' is declared but its value is never read.
src/pages/TopicFeed.tsx(5,18): error TS6133: 'LucideIcon' is declared but its value is never read.
